{"type":"server-started","port":58043,"host":"127.0.0.1","url_host":"localhost","url":"http://localhost:58043","screen_dir":"/Users/hungnguyen/Công Việc/AI/fb_ad_local/.superpowers/brainstorm/85732-1781678274/content","state_dir":"/Users/hungnguyen/Công Việc/AI/fb_ad_local/.superpowers/brainstorm/85732-1781678274/state"}
{"type":"screen-added","file":"/Users/hungnguyen/Công Việc/AI/fb_ad_local/.superpowers/brainstorm/85732-1781678274/content/purpose.html"}
{"source":"user-event","type":"click","text":"B\n    \n      Dashboard tổng quan theo tài khoản\n      KPI cards nổi bật (chi hôm nay, ROAS, CPA), biểu đồ chi tiêu theo giờ, phân bổ ngân sách — giống layout \"Tổng quan\" trong ảnh tham khảo","choice":"overview","id":null,"timestamp":1781679769343}
{"source":"user-event","type":"click","text":"A\n    \n      Quản lý & hành động\n      Bật/tắt campaign trực tiếp từ trang này, điều chỉnh ngân sách, xem cảnh báo — giống phần campaign table trong ảnh tham khảo","choice":"action","id":null,"timestamp":1781679787500}
{"source":"user-event","type":"click","text":"A\n    \n      Quản lý & hành động\n      Bật/tắt campaign trực tiếp từ trang này, điều chỉnh ngân sách, xem cảnh báo — giống phần campaign table trong ảnh tham khảo","choice":"action","id":null,"timestamp":1781679787588}
{"source":"user-event","type":"click","text":"B\n    \n      Dashboard tổng quan theo tài khoản\n      KPI cards nổi bật (chi hôm nay, ROAS, CPA), biểu đồ chi tiêu theo giờ, phân bổ ngân sách — giống layout \"Tổng quan\" trong ảnh tham khảo","choice":"overview","id":null,"timestamp":1781679788302}
{"source":"user-event","type":"click","text":"A\n    \n      Quản lý & hành động\n      Bật/tắt campaign trực tiếp từ trang này, điều chỉnh ngân sách, xem cảnh báo — giống phần campaign table trong ảnh tham khảo","choice":"action","id":null,"timestamp":1781679789173}
{"source":"user-event","type":"click","text":"B\n    \n      Dashboard tổng quan theo tài khoản\n      KPI cards nổi bật (chi hôm nay, ROAS, CPA), biểu đồ chi tiêu theo giờ, phân bổ ngân sách — giống layout \"Tổng quan\" trong ảnh tham khảo","choice":"overview","id":null,"timestamp":1781679790506}
{"source":"user-event","type":"click","text":"A\n    \n      Quản lý & hành động\n      Bật/tắt campaign trực tiếp từ trang này, điều chỉnh ngân sách, xem cảnh báo — giống phần campaign table trong ảnh tham khảo","choice":"action","id":null,"timestamp":1781679791026}
{"source":"user-event","type":"click","text":"B\n    \n      Dashboard tổng quan theo tài khoản\n      KPI cards nổi bật (chi hôm nay, ROAS, CPA), biểu đồ chi tiêu theo giờ, phân bổ ngân sách — giống layout \"Tổng quan\" trong ảnh tham khảo","choice":"overview","id":null,"timestamp":1781679791873}
{"source":"user-event","type":"click","text":"A\n    \n      Quản lý & hành động\n      Bật/tắt campaign trực tiếp từ trang này, điều chỉnh ngân sách, xem cảnh báo — giống phần campaign table trong ảnh tham khảo","choice":"action","id":null,"timestamp":1781679792660}
{"type":"screen-added","file":"/Users/hungnguyen/Công Việc/AI/fb_ad_local/.superpowers/brainstorm/85732-1781678274/content/action-type.html"}
{"source":"user-event","type":"click","text":"A\n    \n      Nút \"Dừng ad đang đốt\" per tài khoản\n      Mỗi tài khoản có 1 nút đỏ → bấm 1 phát tắt toàn bộ ad đang vi phạm / ROAS thấp của TK đó. Nhanh, không cần vào tab Campaign","choice":"kill_waste","id":null,"timestamp":1781680020484}
{"source":"user-event","type":"click","text":"B\n    \n      Click vào TK → xem campaign của TK đó\n      BM cards trở thành \"cửa vào\" — click vào tài khoản nào thì mở ra danh sách campaign của riêng TK đó, với toggle on/off ngay tại chỗ","choice":"drill_campaign","id":null,"timestamp":1781680023216}
{"source":"user-event","type":"click","text":"C\n    \n      Alert center theo tài khoản\n      Danh sách cảnh báo: TK nào đang vi phạm nhiều, TK nào hết budget, TK nào ROAS < 2. Mỗi cảnh báo có nút xử lý nhanh (pause / xem)","choice":"alerts","id":null,"timestamp":1781680025285}
{"type":"screen-added","file":"/Users/hungnguyen/Công Việc/AI/fb_ad_local/.superpowers/brainstorm/85732-1781678274/content/layout.html"}
{"source":"user-event","type":"click","text":"Tài khoản · Alert Mode\n      \n        \n          TÀI KHOẢN\n          VI PHẠM\n          ROAS\n          ĐỐT\n          ACTION\n        \n        \n          Ads chính EP1\n          76%\n          2.92\n          163tr\n          \n            ⏸\n            🔍\n          \n        \n        \n          Page her\n          73%\n          2.61\n          106tr\n          \n            ⏸\n            🔍\n          \n        \n        \n          TK chính\n          57%\n          5.45\n          90tr\n          \n            ✅\n            🔍\n          \n        \n      \n    \n    \n      C — Bảng + nút action inline\n      Giữ dạng bảng như cũ nhưng thêm cột Action: nút ⏸ Pause ngay trên dòng (pause toàn bộ ad vi phạm của TK đó) + 🔍 Xem chi tiết","choice":"table_action","id":null,"timestamp":1781680138887}
{"type":"screen-added","file":"/Users/hungnguyen/Công Việc/AI/fb_ad_local/.superpowers/brainstorm/85732-1781678274/content/pause-action.html"}
{"source":"user-event","type":"click","text":"A\n    \n      Pause chỉ các ad đang vi phạm\n      Bấm nút → hệ thống tự tìm các ad của TK đó có action=\"TẮT\" → pause tất cả cùng lúc. Ad đang \"GIỮ\" không bị đụng đến","choice":"violating_only","id":null,"timestamp":1781680952923}
{"type":"screen-added","file":"/Users/hungnguyen/Công Việc/AI/fb_ad_local/.superpowers/brainstorm/85732-1781678274/content/full-mockup.html"}
{"type":"server-stopped","reason":"idle timeout"}
